// Jest Snapshot v1, https://goo.gl/fbAQLP

exports[`current-version.js should return the current version 1`] = `
[
  1,
  31,
]
`;
